// Vitest Snapshot v1, https://vitest.dev/guide/snapshot.html

exports[`GET /offers > Success get offers 1`] = `
[
  {
    "city": "Amsterdam",
    "commentsCount": 0,
    "coordinates": {
      "latitude": 2.22222,
      "longitude": 3.444444,
    },
    "cost": 10000,
    "description": "descriptiontwentylenght",
    "facilities": [
      "AirConditioning",
    ],
    "guestCount": 3,
    "housingType": "House",
    "id": 0,
    "images": "http://localhost:4000/upload/",
    "name": "nametenlenght2",
    "offerAuthor": {
      "avatar": "http://localhost:4000/static/default-avatar.jpg",
      "email": "test1@test.com",
      "id": 0,
      "type": "simple",
      "username": "name1",
    },
    "premium": true,
    "previewImage": "",
    "rating": 1,
    "roomCount": 2,
  },
  {
    "city": "Amsterdam",
    "commentsCount": 0,
    "coordinates": {
      "latitude": 2.22222,
      "longitude": 3.444444,
    },
    "cost": 10000,
    "description": "descriptiontwentylenght",
    "facilities": [
      "AirConditioning",
    ],
    "guestCount": 3,
    "housingType": "House",
    "id": 0,
    "images": "http://localhost:4000/upload/",
    "name": "nametenlenght1",
    "offerAuthor": {
      "avatar": "http://localhost:4000/static/default-avatar.jpg",
      "email": "test1@test.com",
      "id": 0,
      "type": "simple",
      "username": "name1",
    },
    "premium": true,
    "previewImage": "",
    "rating": 1,
    "roomCount": 2,
  },
  {
    "city": "Amsterdam",
    "commentsCount": 0,
    "coordinates": {
      "latitude": 2.22222,
      "longitude": 3.444444,
    },
    "cost": 10000,
    "description": "descriptiontwentylenght",
    "facilities": [
      "AirConditioning",
    ],
    "guestCount": 3,
    "housingType": "House",
    "id": 0,
    "images": "http://localhost:4000/upload/",
    "name": "nametenlenght0",
    "offerAuthor": {
      "avatar": "http://localhost:4000/static/default-avatar.jpg",
      "email": "test1@test.com",
      "id": 0,
      "type": "simple",
      "username": "name1",
    },
    "premium": true,
    "previewImage": "",
    "rating": 1,
    "roomCount": 2,
  },
]
`;
